version https://git-lfs.github.com/spec/v1
oid sha256:af954821d18af67170d2902d93fe1f09ce4efb2bdd0e215c0f0f854c3e59e093
size 5079
